RAM Allocation [bytes]
Variable                                                                          Address   Size
------------------------------------------------------------------------------------------------
sig_bayt                                                                          0x0300       1
sig_bit                                                                           0x0301       1
sost                                                                              0x0302      32
page                                                                              0x0322       1
p10                                                                               0x0323       1
x_dysp                                                                            0x0324       1
y_dysp                                                                            0x0325       1
pos                                                                               0x0326       1
time                                                                              0x0327       4
twi_tx_index                                                                      0x032B       1
twi_rx_index                                                                      0x032C       1
twi_result                                                                        0x032D       1
twi_rx_buffer                                                                     0x032E      32
twi_tx_buffer                                                                     0x034E      32
_base_y                                                                           0x036E       4
_lcd_x                                                                            0x0372       1
_lcd_y                                                                            0x0373       1
_lcd_maxx                                                                         0x0374       1
slave_address                                                                     0x0375       1
twi_tx_buffer                                                                     0x0376       2
bytes_to_tx                                                                       0x0378       1
twi_rx_buffer                                                                     0x0379       2
bytes_to_rx                                                                       0x037B       1
twi_rx_buffer_size                                                                0x037C       1
twi_slave_rx_handler                                                              0x037D       2
twi_slave_tx_handler                                                              0x037F       2

EEPROM Allocation [bytes]
Variable                                                                          Address   Size
------------------------------------------------------------------------------------------------
procfreq                                                                          0x0000       4
esost                                                                             0x0004      32

Register Allocation
Variable                                                                          Register  Size
------------------------------------------------------------------------------------------------
ton1                                                                              R3,R4        2
a                                                                                 R5,R6        2
z                                                                                 R8           1
n                                                                                 R7           1
j                                                                                 R10          1
s435                                                                              R9           1
period                                                                            R12          1
per_old                                                                           R11          1
per_new                                                                           R14          1
i                                                                                 R13          1
flag435                                                                           GPIOR0.0  1bit
trevoga                                                                           GPIOR0.1  1bit
pit_ok                                                                            GPIOR0.2  1bit
sinc_err                                                                          GPIOR0.3  1bit
pit_err                                                                           GPIOR0.4  1bit
fix                                                                               GPIOR0.5  1bit
nagh                                                                              GPIOR0.6  1bit
received_ok                                                                       GPIOR0.7  1bit
twi_flag                                                                          R2.0      1bit
twi_ready                                                                         R2.1      1bit

FLASH Allocation [words]
Function                                                                          Address   Size
------------------------------------------------------------------------------------------------
timer0_ovf_isr                                                                    0x00143     20
timer1_ovf_isr                                                                    0x00157     33
ana_comp_isr                                                                      0x00178     35
twi_rx_handler                                                                    0x0019B     18
twi_tx_handler                                                                    0x001AD     40
fdel                                                                              0x001D5     52
clear_lcd                                                                         0x00209      7
main                                                                              0x00210    990
_lcd_write_nibble_G100                                                            0x005EE     37
_lcd_write_data                                                                   0x00613     13
lcd_gotoxy                                                                        0x00620     17
lcd_clear                                                                         0x00631     14
lcd_putchar                                                                       0x0063F     32
lcd_putsf                                                                         0x0065F     19
lcd_init                                                                          0x00672     48
twi_slave_init                                                                    0x006A2     59
twi_int_handler                                                                   0x006DD    387
